// Jest Snapshot v1, https://goo.gl/fbAQLP

exports[`CreateItemModal.vue Matchs Snapshot 1`] = `
<modal-stub name="create-item-modal"><label> Key: </label> <input type="text"> <label> Value: </label> <input type="text">
  <btn-stub label="create" onclick="function () { [native code] }"></btn-stub>
</modal-stub>
`;
